flutter : ../../runtime
/platform/allocation.cc
: 22: error: Out of 
memory.
At line:1 char:1
+ flutter build apk 
--debug > 
build_errors.txt 2>&1
+ ~~~~~~~~~~~~~~~~~~~~~
~~~~~~~~~~~~~~~~~~~~~~~
~~~~~
    + CategoryInfo     
         : NotSpecifi  
  ed: (../../runtime   
 /p... Out of memor    
y.:String) [], Rem    
oteException
    + FullyQualifiedEr 
   rorId : NativeComm  
  andError
 
version=3.11.3 
(stable) (Tue Mar 17 
01:06:16 2026 -0700) 
on "windows_x64"
pid=6880, thread=7148, 
isolate_group=main(0000
0235A1335350), isolate=
main(00000235A134AF00)
os=windows, arch=x64, 
comp=no, sim=no
isolate_instructions=23
5a0510000, vm_instructi
ons=7ff74b718400
fp=3b885fc7b0, 
sp=3b885fc768, 
pc=7ff74b9fcca3
  pc 
0x00007ff74b9fcca3 fp 
0x0000003b885fc7b0 Dart
_DetectNullSafety+0x2dc
1c3
-- End of 
DumpStackTrace
  pc 
0x0000000000000000 fp 
0x0000003b885fde58 sp 
0x0000000000000000 
[Stub] Exit frame
  pc 
0x00000235a0c05b3d fp 
0x0000003b885fdeb8 sp 
0x0000003b885fde68 
[Stub] 
SlowTypeTest+0xdd
  pc 
0x00000235a054018f fp 
0x0000003b885fdf08 sp 
0x0000003b885fdec8 
[Unoptimized] __Map&_Ha
shVMBase&MapMixin&_Hash
Base&_OperatorEqualsAnd
HashCode&_LinkedHashMap
Mixin@3099033._init@309
9033+0x4df
  pc 
0x00000235a06f2c4f fp 
0x0000003b885fdf60 sp 
0x0000003b885fdf18 
[Unoptimized] __Map&_Ha
shVMBase&MapMixin&_Hash
Base&_OperatorEqualsAnd
HashCode&_LinkedHashMap
Mixin@3099033._rehash@3
099033+0x3af
  pc 
0x00000235a06f2fc6 fp 
0x0000003b885fdfc0 sp 
0x0000003b885fdf70 
[Optimized] __Map&_Hash
VMBase&MapMixin&_HashBa
se&_OperatorEqualsAndHa
shCode&_LinkedHashMapMi
xin@3099033._insert@309
9033+0x326
  pc 
0x00000235a06f3b7e fp 
0x0000003b885fe040 sp 
0x0000003b885fdfd0 
[Unoptimized] __Map&_Ha
shVMBase&MapMixin&_Hash
Base&_OperatorEqualsAnd
HashCode&_LinkedHashMap
Mixin@3099033._set@3099
033+0x41e
  pc 
0x00000235a074cda8 fp 
0x0000003b885fe098 sp 
0x0000003b885fe050 
[Unoptimized] __Map&_Ha
shVMBase&MapMixin&_Hash
Base&_OperatorEqualsAnd
HashCode&_LinkedHashMap
Mixin@3099033.[]=+0x1f8
  pc 
0x00000235a7af7ac0 fp 
0x0000003b885fe118 sp 
0x0000003b885fe0a8 
[Unoptimized] new Packa
geGraph.fromJson+0x690
  pc 
0x00000235a7af6f2c fp 
0x0000003b885fe180 sp 
0x0000003b885fe128 
[Unoptimized] 
PackageGraph.load+0x1ec
  pc 
0x00000235a7af5c7a fp 
0x0000003b885fe1f8 sp 
0x0000003b885fe190 
[Unoptimized] computeTr
ansitiveDependencies+0x
9a
  pc 
0x00000235a7af44fb fp 
0x0000003b885fe2a8 sp 
0x0000003b885fe208 
[Unoptimized] 
findPlugins+0x30b
  pc 
0x00000235a0756142 fp 
0x0000003b885fe2f8 sp 
0x0000003b885fe2b8 
[Unoptimized] _SuspendS
tate@5048458._createAsy
ncCallbacks@5048458.the
nCallback+0xa2
  pc 
0x00000235a071eec6 fp 
0x0000003b885fe378 sp 
0x0000003b885fe308 
[Unoptimized] _rootRunU
nary@5048458+0x156
  pc 
0x00000235a071f26d fp 
0x0000003b885fe3e0 sp 
0x0000003b885fe388 
[Unoptimized] _rootRunU
nary@5048458+0x11d
  pc 
0x00000235a0530fff fp 
0x0000003b885fe478 sp 
0x0000003b885fe3f0 
[Unoptimized] _CustomZo
ne@5048458.runUnary+0x1
ef
  pc 
0x00000235a053123b fp 
0x0000003b885fe4c8 sp 
0x0000003b885fe488 
[Unoptimized] _FutureLi
stener@5048458.handleVa
lue+0x1db
  pc 
0x00000235a0725d48 fp 
0x0000003b885fe528 sp 
0x0000003b885fe4d8 
[Unoptimized] _Future@5
048458._propagateToList
eners@5048458.handleVal
ueCallback+0xc8
  pc 
0x00000235a0724ffb fp 
0x0000003b885fe5a8 sp 
0x0000003b885fe538 
[Unoptimized] _Future@5
048458._propagateToList
eners@5048458+0xccb
  pc 
0x00000235a05d8462 fp 
0x0000003b885fe5f0 sp 
0x0000003b885fe5b8 
[Unoptimized] _Future@5
048458._completeWithVal
ue@5048458+0x1d2
  pc 
0x00000235a075636f fp 
0x0000003b885fe638 sp 
0x0000003b885fe600 
[Unoptimized] _SuspendS
tate@5048458._returnAsy
nc@5048458+0x1df
  pc 
0x00000235a0c08fce fp 
0x0000003b885fe668 sp 
0x0000003b885fe648 
[Stub] ReturnAsync+0x3e
  pc 
0x00000235a0756142 fp 
0x0000003b885fe6b8 sp 
0x0000003b885fe678 
[Unoptimized] _SuspendS
tate@5048458._createAsy
ncCallbacks@5048458.the
nCallback+0xa2
  pc 
0x00000235a071eec6 fp 
0x0000003b885fe738 sp 
0x0000003b885fe6c8 
[Unoptimized] _rootRunU
nary@5048458+0x156
  pc 
0x00000235a071f26d fp 
0x0000003b885fe7a0 sp 
0x0000003b885fe748 
[Unoptimized] _rootRunU
nary@5048458+0x11d
  pc 
0x00000235a0530fff fp 
0x0000003b885fe838 sp 
0x0000003b885fe7b0 
[Unoptimized] _CustomZo
ne@5048458.runUnary+0x1
ef
  pc 
0x00000235a053123b fp 
0x0000003b885fe888 sp 
0x0000003b885fe848 
[Unoptimized] _FutureLi
stener@5048458.handleVa
lue+0x1db
  pc 
0x00000235a0725d48 fp 
0x0000003b885fe8e8 sp 
0x0000003b885fe898 
[Unoptimized] _Future@5
048458._propagateToList
eners@5048458.handleVal
ueCallback+0xc8
  pc 
0x00000235a0724ffb fp 
0x0000003b885fe968 sp 
0x0000003b885fe8f8 
[Unoptimized] _Future@5
048458._propagateToList
eners@5048458+0xccb
  pc 
0x00000235a05d8462 fp 
0x0000003b885fe9b0 sp 
0x0000003b885fe978 
[Unoptimized] _Future@5
048458._completeWithVal
ue@5048458+0x1d2
  pc 
0x00000235a075636f fp 
0x0000003b885fe9f8 sp 
0x0000003b885fe9c0 
[Unoptimized] _SuspendS
tate@5048458._returnAsy
nc@5048458+0x1df
  pc 
0x00000235a0c08fce fp 
0x0000003b885fea28 sp 
0x0000003b885fea08 
[Stub] ReturnAsync+0x3e
  pc 
0x00000235a0756142 fp 
0x0000003b885fea78 sp 
0x0000003b885fea38 
[Unoptimized] _SuspendS
tate@5048458._createAsy
ncCallbacks@5048458.the
nCallback+0xa2
  pc 
0x00000235a071eec6 fp 
0x0000003b885feaf8 sp 
0x0000003b885fea88 
[Unoptimized] _rootRunU
nary@5048458+0x156
  pc 
0x00000235a071f26d fp 
0x0000003b885feb60 sp 
0x0000003b885feb08 
[Unoptimized] _rootRunU
nary@5048458+0x11d
  pc 
0x00000235a0530fff fp 
0x0000003b885febf8 sp 
0x0000003b885feb70 
[Unoptimized] _CustomZo
ne@5048458.runUnary+0x1
ef
  pc 
0x00000235a053123b fp 
0x0000003b885fec48 sp 
0x0000003b885fec08 
[Unoptimized] _FutureLi
stener@5048458.handleVa
lue+0x1db
  pc 
0x00000235a0725d48 fp 
0x0000003b885feca8 sp 
0x0000003b885fec58 
[Unoptimized] _Future@5
048458._propagateToList
eners@5048458.handleVal
ueCallback+0xc8
  pc 
0x00000235a0724ffb fp 
0x0000003b885fed28 sp 
0x0000003b885fecb8 
[Unoptimized] _Future@5
048458._propagateToList
eners@5048458+0xccb
  pc 
0x00000235a05d8462 fp 
0x0000003b885fed70 sp 
0x0000003b885fed38 
[Unoptimized] _Future@5
048458._completeWithVal
ue@5048458+0x1d2
  pc 
0x00000235a072155a fp 
0x0000003b885fedb0 sp 
0x0000003b885fed80 
[Unoptimized] _Future@5
048458._asyncCompleteWi
thValue@5048458.<anonym
ous closure>+0x9a
  pc 
0x00000235a071e503 fp 
0x0000003b885fee28 sp 
0x0000003b885fedc0 
[Unoptimized] 
_rootRun@5048458+0x2c3
  pc 
0x00000235a071e73a fp 
0x0000003b885fee88 sp 
0x0000003b885fee38 
[Unoptimized] 
_rootRun@5048458+0x11a
  pc 
0x00000235a05c8fec fp 
0x0000003b885fef18 sp 
0x0000003b885fee98 
[Unoptimized] _CustomZo
ne@5048458.run+0x1ec
  pc 
0x00000235a05c912b fp 
0x0000003b885fef88 sp 
0x0000003b885fef28 
[Unoptimized] _CustomZo
ne@5048458.runGuarded+0
xdb
  pc 
0x00000235a05c928a fp 
0x0000003b885fefc8 sp 
0x0000003b885fef98 
[Unoptimized] _CustomZo
ne@5048458.bindCallback
Guarded.<anonymous 
closure>+0x9a
  pc 
0x00000235a0719f40 fp 
0x0000003b885ff010 sp 
0x0000003b885fefd8 
[Unoptimized] _microtas
kLoop@5048458+0x210
  pc 
0x00000235a071d8b5 fp 
0x0000003b885ff050 sp 
0x0000003b885ff020 
[Unoptimized] _startMic
rotaskLoop@5048458+0xb5
  pc 
0x00000235a071db36 fp 
0x0000003b885ff078 sp 
0x0000003b885ff060 
[Unoptimized] _startMic
rotaskLoop@5048458+0x76
  pc 
0x00000235a074f894 fp 
0x0000003b885ff0b8 sp 
0x0000003b885ff088 
[Unoptimized] _runPendi
ngImmediateCallback@102
6248+0x104
  pc 
0x00000235a0761108 fp 
0x0000003b885ff0f8 sp 
0x0000003b885ff0c8 
[Unoptimized] _RawRecei
vePort@1026248._handleM
essage@1026248+0x1c8
  pc 
0x00000235a0c0318f fp 
0x0000003b885ff220 sp 
0x0000003b885ff108 
[Stub] Entry frame
=== Crash occurred 
when compiling unknown 
function in 
unoptimized JIT mode 
in unknown pass
=== Flow Graph not 
available
